../Core/Src/main.c:96:6:update_display	40	static
../Core/Src/main.c:129:6:HAL_TIM_PeriodElapsedCallback	16	static
../Core/Src/main.c:149:6:format_time	136	static
../Core/Src/main.c:161:6:players_time	152	static
../Core/Src/main.c:175:6:buzzer	112	static
../Core/Src/main.c:192:6:Flash_Save_LastTimer	48	static
../Core/Src/main.c:216:10:Flash_Read_LastTimer	4	static
../Core/Src/main.c:222:10:CalculateChecksum	32	static
../Core/Src/main.c:234:6:SaveAppDataToFlash	56	static
../Core/Src/main.c:262:6:Save	32	static
../Core/Src/main.c:274:6:LoadAppDataFromFlash	24	static
../Core/Src/main.c:290:6:display_timer_config	32	static
../Core/Src/main.c:339:5:main	136	static
../Core/Src/main.c:592:6:SystemClock_Config	72	static
../Core/Src/main.c:632:13:MX_SPI2_Init	8	static
../Core/Src/main.c:670:13:MX_TIM2_Init	32	static
../Core/Src/main.c:715:13:MX_USART1_UART_Init	8	static
../Core/Src/main.c:748:13:MX_GPIO_Init	40	static
../Core/Src/main.c:812:6:Error_Handler	4	static,ignoring_inline_asm
